[www.coffeecreamthemes.com/themes/perfectcouple/wordpress/index.html]
[backblue.gif]
[fade.gif]
[index.html]
[www.coffeecreamthemes.com/themes/perfectcouple/wordpress/feed/index.html]
[www.coffeecreamthemes.com/themes/perfectcouple/wordpress/comments/feed/index.html]
[www.coffeecreamthemes.com/themes/perfectcouple/wordpress/wp-content/uploads/siteground-optimizer-assets/siteground-optimizer-combined-css-5c6445e906e856cf4d0be9643f48598b.css]
[www.coffeecreamthemes.com/themes/perfectcouple/wordpress/homepage/feed/index.html]
[www.coffeecreamthemes.com/themes/perfectcouple/wordpress/wp-json/wp/v2/pages/5.json]
[www.coffeecreamthemes.com/themes/perfectcouple/wordpress/wp-includes/js/jquery/jquery.min.js]
[www.coffeecreamthemes.com/themes/perfectcouple/wordpress/wp-json/oembed/1.0/embed4db9.json]
[www.coffeecreamthemes.com/themes/perfectcouple/wordpress/wp-json/index.html]
[www.coffeecreamthemes.com/themes/perfectcouple/wordpress/wp-json/oembed/1.0/embed659e]
[www.coffeecreamthemes.com/themes/perfectcouple/wordpress/wp-content/uploads/2014/11/banner5@2x.jpeg]
[www.coffeecreamthemes.com/themes/perfectcouple/wordpress/wp-content/uploads/2014/10/banner4.jpeg]
[www.coffeecreamthemes.com/themes/perfectcouple/wordpress/wp-content/uploads/2014/10/banner3.jpeg]
[www.coffeecreamthemes.com/themes/perfectcouple/wordpress/wp-content/uploads/2014/10/banner2.jpeg]
[www.coffeecreamthemes.com/themes/perfectcouple/wordpress/wp-content/uploads/2014/10/banner1.jpeg]
[www.coffeecreamthemes.com/themes/perfectcouple/wordpress/wp-content/uploads/2014/10/about1.jpeg]
[www.coffeecreamthemes.com/themes/perfectcouple/wordpress/jake-connor-2/index.html]
[www.coffeecreamthemes.com/themes/perfectcouple/wordpress/wp-content/uploads/2014/10/about2.jpeg]
[www.coffeecreamthemes.com/themes/perfectcouple/wordpress/jake-connor/index.html]
[www.coffeecreamthemes.com/themes/perfectcouple/wordpress/blog/index.html]
[www.coffeecreamthemes.com/themes/perfectcouple/wordpress/wp-content/uploads/2014/10/story1.jpeg]
[www.coffeecreamthemes.com/themes/perfectcouple/wordpress/wp-content/uploads/2014/10/story2.jpeg]
[www.coffeecreamthemes.com/themes/perfectcouple/wordpress/wp-content/uploads/2014/10/story3.jpeg]
[www.coffeecreamthemes.com/themes/perfectcouple/wordpress/wp-content/uploads/2014/10/people1.jpeg]
[www.coffeecreamthemes.com/themes/perfectcouple/wordpress/wp-content/uploads/2014/10/people2.jpeg]
[www.coffeecreamthemes.com/themes/perfectcouple/wordpress/wp-content/uploads/2014/10/people3.jpeg]
[www.coffeecreamthemes.com/themes/perfectcouple/wordpress/wp-content/uploads/2014/10/people4.jpeg]
[www.coffeecreamthemes.com/themes/perfectcouple/wordpress/wp-content/uploads/2014/10/gallery-big07.jpeg]
[www.coffeecreamthemes.com/themes/perfectcouple/wordpress/wp-content/uploads/2014/10/gallery-big08.jpeg]
[www.coffeecreamthemes.com/themes/perfectcouple/wordpress/wp-content/uploads/2014/10/event1.jpeg]
[www.coffeecreamthemes.com/themes/perfectcouple/wordpress/wp-content/uploads/2014/10/event2.jpeg]
[www.coffeecreamthemes.com/themes/perfectcouple/wordpress/wp-content/uploads/2014/10/event3.jpeg]
[www.coffeecreamthemes.com/themes/perfectcouple/wordpress/wp-content/uploads/2014/10/event4.jpeg]
[www.coffeecreamthemes.com/themes/perfectcouple/wordpress/wp-content/uploads/2014/10/event5.jpeg]
[www.coffeecreamthemes.com/themes/perfectcouple/wordpress/wp-content/uploads/2014/10/event6.jpeg]
[www.coffeecreamthemes.com/themes/perfectcouple/wordpress/wp-content/uploads/2014/10/accommodation1.jpeg]
[www.coffeecreamthemes.com/themes/perfectcouple/wordpress/wp-content/uploads/2014/10/accommodation2.jpeg]
[www.coffeecreamthemes.com/themes/perfectcouple/wordpress/wp-content/uploads/2014/10/accommodation3.jpeg]
[www.coffeecreamthemes.com/themes/perfectcouple/wordpress/wp-content/uploads/2014/10/accommodation4.jpeg]
[www.coffeecreamthemes.com/themes/perfectcouple/wordpress/wp-content/uploads/2014/10/funfacts.jpeg]
[www.coffeecreamthemes.com/themes/perfectcouple/wordpress/wp-content/uploads/2014/10/gallery-big12.jpeg]
[www.coffeecreamthemes.com/themes/perfectcouple/wordpress/bachelor-party/index.html]
[www.coffeecreamthemes.com/themes/perfectcouple/wordpress/bachelorette-party/index.html]
[www.coffeecreamthemes.com/themes/perfectcouple/wordpress/wp-content/uploads/2014/10/gallery-big11.jpeg]
[www.coffeecreamthemes.com/themes/perfectcouple/wordpress/dinner-rehersal/index.html]
[www.coffeecreamthemes.com/themes/perfectcouple/wordpress/wp-content/uploads/2014/10/gallery-big10.jpeg]
[www.coffeecreamthemes.com/themes/perfectcouple/wordpress/wp-content/uploads/2014/10/gallery-big09.jpeg]
[www.coffeecreamthemes.com/themes/perfectcouple/wordpress/wp-content/uploads/2014/10/gallery-big06.jpeg]
[www.coffeecreamthemes.com/themes/perfectcouple/wordpress/wp-content/uploads/2014/10/gallery-big05.jpeg]
[www.coffeecreamthemes.com/themes/perfectcouple/wordpress/wp-content/uploads/2014/10/gallery-big04.jpeg]
[www.coffeecreamthemes.com/themes/perfectcouple/wordpress/wp-content/uploads/2014/10/gallery-big03.jpeg]
[www.coffeecreamthemes.com/themes/perfectcouple/wordpress/wp-content/uploads/2014/10/gallery-big02.jpeg]
[www.coffeecreamthemes.com/themes/perfectcouple/wordpress/wp-content/uploads/2014/10/gallery-big01.jpeg]
[www.coffeecreamthemes.com/themes/perfectcouple/wordpress/wp-content/uploads/2014/12/logo-1.png]
[www.coffeecreamthemes.com/themes/perfectcouple/wordpress/wp-content/uploads/2014/12/logo-2.png]
[www.coffeecreamthemes.com/themes/perfectcouple/wordpress/wp-content/uploads/2014/12/logo-3.png]
[www.coffeecreamthemes.com/themes/perfectcouple/wordpress/wp-content/uploads/2014/12/logo-4.png]
[www.coffeecreamthemes.com/themes/perfectcouple/wordpress/wp-content/uploads/2014/12/logo-5.png]
[www.coffeecreamthemes.com/themes/perfectcouple/wordpress/wp-content/uploads/2014/12/logo-6.png]
[www.coffeecreamthemes.com/themes/perfectcouple/wordpress/index.html]
[www.coffeecreamthemes.com/themes/perfectcouple/wordpress/wp-content/themes/perfect-couple/fonts/glyphicons-halflings-regular.eot]
[www.coffeecreamthemes.com/themes/perfectcouple/wordpress/wp-content/uploads/siteground-optimizer-assets/siteground-optimizer-combined-js-c2f79db2fe679125d726c823d65102af.js]
[via.placeholder.com/1600x1600.jpeg]
[www.coffeecreamthemes.com/themes/perfectcouple/wordpress/wp-content/themes/perfect-couple/img/fancybox_sprite.png]
[www.coffeecreamthemes.com/themes/perfectcouple/wordpress/wp-content/plugins/js_composer/assets/vc/alert.png]
[www.coffeecreamthemes.com/themes/perfectcouple/wordpress/wp-content/plugins/js_composer/assets/images/icons/address-book.png]
[www.coffeecreamthemes.com/themes/perfectcouple/wordpress/wp-content/plugins/js_composer/assets/images/spinner.gif]
[www.coffeecreamthemes.com/themes/perfectcouple/wordpress/wp-content/themes/perfect-couple/fonts/fontawesome-webfont862f.eot]
[www.coffeecreamthemes.com/themes/perfectcouple/wordpress/wp-content/themes/perfect-couple/fonts/fontawesome-webfontd41d.eot]
[www.coffeecreamthemes.com/themes/perfectcouple/wordpress/wp-content/themes/perfect-couple/fonts/fontawesome-webfont862f.woff]
[www.coffeecreamthemes.com/themes/perfectcouple/wordpress/wp-content/themes/perfect-couple/fonts/fontawesome-webfont862f.svg]
[www.coffeecreamthemes.com/themes/perfectcouple/wordpress/wp-content/uploads/siteground-optimizer-assets/siteground-optimizer-combined-css-5c6445e906e856cf4d0be9643f48598b.css]
[www.coffeecreamthemes.com/themes/perfectcouple/wordpress/jake-connor-2/feed/index.html]
[www.coffeecreamthemes.com/themes/perfectcouple/wordpress/wp-content/uploads/siteground-optimizer-assets/siteground-optimizer-combined-css-c2a0ac17533d671654baba66489fac76.css]
[www.coffeecreamthemes.com/themes/perfectcouple/wordpress/wp-json/wp/v2/pages/157.json]
[www.coffeecreamthemes.com/themes/perfectcouple/wordpress/wp-json/oembed/1.0/embed2061.json]
[www.coffeecreamthemes.com/themes/perfectcouple/wordpress/wp-content/themes/perfect-couple/fonts/fontawesome-webfont862f.ttf]
[www.coffeecreamthemes.com/themes/perfectcouple/wordpress/wp-json/oembed/1.0/embedeca0]
[www.coffeecreamthemes.com/themes/perfectcouple/wordpress/wp-content/uploads/2014/10/person2.jpeg]
[www.coffeecreamthemes.com/themes/perfectcouple/wordpress/jake-connor-2/index.html]
[www.coffeecreamthemes.com/themes/perfectcouple/wordpress/jake-connor/feed/index.html]
[www.coffeecreamthemes.com/themes/perfectcouple/wordpress/wp-json/wp/v2/pages/154.json]
[www.coffeecreamthemes.com/themes/perfectcouple/wordpress/wp-json/oembed/1.0/embed8b09.json]
[www.coffeecreamthemes.com/themes/perfectcouple/wordpress/wp-json/oembed/1.0/embed2be0]
[www.coffeecreamthemes.com/themes/perfectcouple/wordpress/wp-content/uploads/2014/10/person1.jpeg]
[www.coffeecreamthemes.com/themes/perfectcouple/wordpress/jake-connor/index.html]
[www.coffeecreamthemes.com/themes/perfectcouple/wordpress/wp-content/uploads/siteground-optimizer-assets/siteground-optimizer-combined-js-03c64c1fd39f1fa30689a877250323c7.js]
[www.coffeecreamthemes.com/themes/perfectcouple/wordpress/blog/index.html]
[www.coffeecreamthemes.com/themes/perfectcouple/wordpress/category/uncategorized/index.html]
[www.coffeecreamthemes.com/themes/perfectcouple/wordpress/category/events-parties/index.html]
[www.coffeecreamthemes.com/themes/perfectcouple/wordpress/index8b43.html]
[www.coffeecreamthemes.com/themes/perfectcouple/wordpress/wedding-ceremony/index.html]
[www.coffeecreamthemes.com/themes/perfectcouple/wordpress/index798a.html]
[www.coffeecreamthemes.com/themes/perfectcouple/wordpress/indexbe4b.html]
[www.coffeecreamthemes.com/themes/perfectcouple/wordpress/wedding-reception-2/index.html]
[www.coffeecreamthemes.com/themes/perfectcouple/wordpress/indexa315.html]
[www.coffeecreamthemes.com/themes/perfectcouple/wordpress/wp-content/uploads/siteground-optimizer-assets/siteground-optimizer-combined-js-8f30ac9b806de0cef2c3b4a07e591833.js]
[www.coffeecreamthemes.com/themes/perfectcouple/wordpress/wedding-reception/index.html]
[www.coffeecreamthemes.com/themes/perfectcouple/wordpress/our-love-story/index.html]
[www.coffeecreamthemes.com/themes/perfectcouple/wordpress/sample-event/index.html]
[www.coffeecreamthemes.com/themes/perfectcouple/wordpress/wp-json/wp/v2/posts/80.json]
[www.coffeecreamthemes.com/themes/perfectcouple/wordpress/bachelor-party/feed/index.html]
[www.coffeecreamthemes.com/themes/perfectcouple/wordpress/wp-json/oembed/1.0/embed70ae.json]
[www.coffeecreamthemes.com/themes/perfectcouple/wordpress/wp-json/oembed/1.0/embed5da3]
[www.coffeecreamthemes.com/themes/perfectcouple/wordpress/bachelor-party/index.html]
[www.coffeecreamthemes.com/themes/perfectcouple/wordpress/wp-json/wp/v2/posts/79.json]
[www.coffeecreamthemes.com/themes/perfectcouple/wordpress/bachelorette-party/feed/index.html]
[www.coffeecreamthemes.com/themes/perfectcouple/wordpress/wp-json/oembed/1.0/embed869e.json]
[www.coffeecreamthemes.com/themes/perfectcouple/wordpress/bachelorette-party/index.html]
[www.coffeecreamthemes.com/themes/perfectcouple/wordpress/wp-json/oembed/1.0/embedb2cc]
[www.coffeecreamthemes.com/themes/perfectcouple/wordpress/wp-content/uploads/siteground-optimizer-assets/siteground-optimizer-combined-js-00f98f0d0b7cb7c3993fbed53147604c.js]
[www.coffeecreamthemes.com/themes/perfectcouple/wordpress/wp-json/wp/v2/posts/78.json]
[www.coffeecreamthemes.com/themes/perfectcouple/wordpress/dinner-rehersal/feed/index.html]
[www.coffeecreamthemes.com/themes/perfectcouple/wordpress/wp-json/oembed/1.0/embed7881.json]
[www.coffeecreamthemes.com/themes/perfectcouple/wordpress/dinner-rehersal/index.html]
[www.coffeecreamthemes.com/themes/perfectcouple/wordpress/wp-content/themes/perfect-couple/fonts/glyphicons-halflings-regular.html]
[www.coffeecreamthemes.com/themes/perfectcouple/wordpress/wp-json/oembed/1.0/embedbe1a]
[www.coffeecreamthemes.com/themes/perfectcouple/wordpress/wp-content/themes/perfect-couple/fonts/fontawesome-webfont862f.svg]
[www.coffeecreamthemes.com/themes/perfectcouple/wordpress/wp-content/uploads/siteground-optimizer-assets/siteground-optimizer-combined-css-c2a0ac17533d671654baba66489fac76.css]
[www.coffeecreamthemes.com/themes/perfectcouple/wordpress/index5791.html]
[www.coffeecreamthemes.com/themes/perfectcouple/wordpress/index87e6.html]
[www.coffeecreamthemes.com/themes/perfectcouple/wordpress/category/events-parties/feed/index.html]
[www.coffeecreamthemes.com/themes/perfectcouple/wordpress/category/events-parties/index.html]
[www.coffeecreamthemes.com/themes/perfectcouple/wordpress/wp-json/wp/v2/categories/2.json]
[www.coffeecreamthemes.com/themes/perfectcouple/wordpress/category/uncategorized/feed/index.html]
[www.coffeecreamthemes.com/themes/perfectcouple/wordpress/wp-json/wp/v2/categories/1.json]
[www.coffeecreamthemes.com/themes/perfectcouple/wordpress/category/uncategorized/index.html]
[www.coffeecreamthemes.com/themes/perfectcouple/wordpress/wedding-ceremony/feed/index.html]
[www.coffeecreamthemes.com/themes/perfectcouple/wordpress/wp-json/wp/v2/posts/77.json]
[www.coffeecreamthemes.com/themes/perfectcouple/wordpress/wp-json/oembed/1.0/embeddcdc.json]
[www.coffeecreamthemes.com/themes/perfectcouple/wordpress/wedding-ceremony/index.html]
[www.coffeecreamthemes.com/themes/perfectcouple/wordpress/wp-json/oembed/1.0/embed6e50]
[www.coffeecreamthemes.com/themes/perfectcouple/wordpress/wp-content/uploads/siteground-optimizer-assets/siteground-optimizer-combined-js-0d124b2b06819bce22e3eff7874b09b6.js]
[www.coffeecreamthemes.com/themes/perfectcouple/wordpress/wedding-reception-2/feed/index.html]
[www.coffeecreamthemes.com/themes/perfectcouple/wordpress/wp-json/wp/v2/posts/81.json]
[www.coffeecreamthemes.com/themes/perfectcouple/wordpress/wp-json/oembed/1.0/embed7bfd.json]
[www.coffeecreamthemes.com/themes/perfectcouple/wordpress/wedding-reception-2/index.html]
[www.coffeecreamthemes.com/themes/perfectcouple/wordpress/wp-json/oembed/1.0/embed9cac]
[www.coffeecreamthemes.com/themes/perfectcouple/wordpress/wp-json/wp/v2/posts/73.json]
[www.coffeecreamthemes.com/themes/perfectcouple/wordpress/wedding-reception/feed/index.html]
[www.coffeecreamthemes.com/themes/perfectcouple/wordpress/wp-json/oembed/1.0/embed24ca.json]
[www.coffeecreamthemes.com/themes/perfectcouple/wordpress/wedding-reception/index.html]
[www.coffeecreamthemes.com/themes/perfectcouple/wordpress/wp-json/oembed/1.0/embed575b]
[www.coffeecreamthemes.com/themes/perfectcouple/wordpress/our-love-story/feed/index.html]
[www.coffeecreamthemes.com/themes/perfectcouple/wordpress/wp-content/uploads/siteground-optimizer-assets/siteground-optimizer-combined-css-900667d2293fe5cb0fe7a4ceca009fb6.css]
[www.coffeecreamthemes.com/themes/perfectcouple/wordpress/wp-json/wp/v2/pages/2086.json]
[www.coffeecreamthemes.com/themes/perfectcouple/wordpress/wp-json/oembed/1.0/embed32dd.json]
[www.coffeecreamthemes.com/themes/perfectcouple/wordpress/wp-json/oembed/1.0/embed806d]
[www.coffeecreamthemes.com/themes/perfectcouple/wordpress/wp-content/uploads/2014/10/banner5.jpeg]
[www.coffeecreamthemes.com/themes/perfectcouple/wordpress/our-love-story/index.html]
[www.coffeecreamthemes.com/themes/perfectcouple/wordpress/sample-event/feed/index.html]
[www.coffeecreamthemes.com/themes/perfectcouple/wordpress/wp-json/wp/v2/pages/2111.json]
[www.coffeecreamthemes.com/themes/perfectcouple/wordpress/wp-json/oembed/1.0/embed3241.json]
[www.coffeecreamthemes.com/themes/perfectcouple/wordpress/wp-json/oembed/1.0/embedd452]
[www.coffeecreamthemes.com/themes/perfectcouple/wordpress/wp-content/uploads/2014/11/event1.jpeg]
[www.coffeecreamthemes.com/themes/perfectcouple/wordpress/wp-content/uploads/2014/11/event2.jpeg]
[www.coffeecreamthemes.com/themes/perfectcouple/wordpress/wp-content/uploads/siteground-optimizer-assets/siteground-optimizer-combined-js-82b7e0a3e66dacf9f593faf591d7bf8c.js]
[www.coffeecreamthemes.com/themes/perfectcouple/wordpress/wp-content/uploads/2014/11/event3.jpeg]
[www.coffeecreamthemes.com/themes/perfectcouple/wordpress/wp-content/uploads/2014/11/event4.jpeg]
[www.coffeecreamthemes.com/themes/perfectcouple/wordpress/sample-event/index.html]
[www.coffeecreamthemes.com/themes/perfectcouple/wordpress/indexbde5.html]
[www.coffeecreamthemes.com/themes/perfectcouple/wordpress/index6ffe.html]
[www.coffeecreamthemes.com/themes/perfectcouple/wordpress/index7896.html]
[www.coffeecreamthemes.com/themes/perfectcouple/wordpress/xmlrpc.php]
[www.coffeecreamthemes.com/themes/perfectcouple/wordpress/xmlrpc0db0.php]
[www.coffeecreamthemes.com/themes/perfectcouple/wordpress/indexb135.html]
[www.coffeecreamthemes.com/themes/perfectcouple/wordpress/index44d0.html]
[www.coffeecreamthemes.com/themes/perfectcouple/wordpress/index8cae.html]
[www.coffeecreamthemes.com/themes/perfectcouple/wordpress/wp-content/uploads/siteground-optimizer-assets/siteground-optimizer-combined-css-900667d2293fe5cb0fe7a4ceca009fb6.css]
[www.coffeecreamthemes.com/themes/perfectcouple/wordpress/index8b9f.html]
[www.coffeecreamthemes.com/themes/perfectcouple/wordpress/indexdcf4.html]
